../IOT_SDK/BSP/esp32_at_io.c:38:8:esp32_io_init	8	static
../IOT_SDK/BSP/esp32_at_io.c:56:6:esp32_io_deinit	8	static
../IOT_SDK/BSP/esp32_at_io.c:67:8:esp32_io_send	16	static
../IOT_SDK/BSP/esp32_at_io.c:81:9:esp32_io_recv	24	static
../IOT_SDK/BSP/esp32_at_io.c:107:9:esp32_io_recv_nb	24	static
../IOT_SDK/BSP/esp32_at_io.c:134:6:HAL_UARTEx_RxEventCallback	16	static
../IOT_SDK/BSP/esp32_at_io.c:152:6:HAL_UART_ErrorCallback	16	static
../IOT_SDK/BSP/esp32_at_io.c:163:13:esp32_io_error_handler	8	static
