../IOT_SDK/BSP/esp32_at.c:39:16:esp32_init	16	static
../IOT_SDK/BSP/esp32_at.c:81:16:esp32_deinit	16	static
../IOT_SDK/BSP/esp32_at.c:102:16:esp32_reset	16	static
../IOT_SDK/BSP/esp32_at.c:123:16:esp32_join_ap	32	static
../IOT_SDK/BSP/esp32_at.c:144:16:esp32_quit_ap	16	static
../IOT_SDK/BSP/esp32_at.c:165:16:esp32_get_ip	32	static
../IOT_SDK/BSP/esp32_at.c:207:16:esp32_establish_connection	32	static
../IOT_SDK/BSP/esp32_at.c:235:16:esp32_close_connection	24	static
../IOT_SDK/BSP/esp32_at.c:257:16:esp32_config_sntp	40	static
../IOT_SDK/BSP/esp32_at.c:283:16:esp32_get_sntp_time	80	static
../IOT_SDK/BSP/esp32_at.c:320:16:esp32_mqtt_configure	72	static
../IOT_SDK/BSP/esp32_at.c:370:16:esp32_mqtt_connect_to_broker	40	static
../IOT_SDK/BSP/esp32_at.c:398:16:esp32_mqtt_subscribe	32	static
../IOT_SDK/BSP/esp32_at.c:412:16:esp32_mqtt_unsubscribe	24	static
../IOT_SDK/BSP/esp32_at.c:435:16:esp32_mqtt_publish	48	static
../IOT_SDK/BSP/esp32_at.c:467:16:esp32_recv_mqtt_data	24	static
../IOT_SDK/BSP/esp32_at.c:486:23:recv_mqtt_data	40	static
../IOT_SDK/BSP/esp32_at.c:706:16:esp32_send_data	24	static
../IOT_SDK/BSP/esp32_at.c:747:16:esp32_recv_data	32	static
../IOT_SDK/BSP/esp32_at.c:763:23:run_at_cmd	32	static
../IOT_SDK/BSP/esp32_at.c:811:23:recv_data	40	static
