../IOT_SDK/BSP/sh1106.c:60:10:sh1106_write_command	24	static
../IOT_SDK/BSP/sh1106.c:83:17:sh1106_write_data	32	static
../IOT_SDK/BSP/sh1106.c:105:17:sh1106_send_commands	32	static
../IOT_SDK/BSP/sh1106.c:115:10:sh1106_init	16	static
../IOT_SDK/BSP/sh1106.c:137:10:sh1106_clear	8	static
../IOT_SDK/BSP/sh1106.c:145:10:sh1106_update_screen	24	static
../IOT_SDK/BSP/sh1106.c:165:10:sh1106_draw_pixel	16	static
../IOT_SDK/BSP/sh1106.c:179:10:sh1106_gotoXY	16	static
../IOT_SDK/BSP/sh1106.c:190:10:sh1106_draw_line	32	static
../IOT_SDK/BSP/sh1106.c:208:10:sh1106_draw_rect	32	static
../IOT_SDK/BSP/sh1106.c:217:10:sh1106_draw_circle	32	static
../IOT_SDK/BSP/sh1106.c:252:6:sh1106_putc	32	static
../IOT_SDK/BSP/sh1106.c:278:6:sh1106_puts	24	static
