../Core/Src/main.c:98:5:_write	24	static
../Core/Src/main.c:108:5:main	1840	static
../Core/Src/main.c:366:6:SystemClock_Config	88	static
../Core/Src/main.c:413:13:MX_CAN1_Init	8	static
../Core/Src/main.c:450:13:MX_I2C1_Init	8	static
../Core/Src/main.c:484:13:MX_SPI1_Init	8	static
../Core/Src/main.c:522:13:MX_TIM7_Init	16	static
../Core/Src/main.c:560:13:MX_USART2_UART_Init	8	static
../Core/Src/main.c:593:13:MX_USART3_UART_Init	8	static
../Core/Src/main.c:624:13:MX_DMA_Init	16	static
../Core/Src/main.c:642:13:MX_GPIO_Init	48	static
../Core/Src/main.c:708:6:CAN_filter_config	48	static
../Core/Src/main.c:727:6:LED_Manage_Output	16	static
../Core/Src/main.c:750:6:HAL_CAN_RxFifo0MsgPendingCallback	24	static
../Core/Src/main.c:782:6:HAL_TIM_PeriodElapsedCallback	16	static
../Core/Src/main.c:803:6:Error_Handler	4	static,ignoring_inline_asm
